// Jest Snapshot v1, https://goo.gl/fbAQLP

exports[`Accordian Component Component renders no sections as active by default 1`] = `
<ul>
  <li>
    <button
      onClick={[Function]}
    >
      Section 1
    </button>
  </li>
  <li>
    <button
      onClick={[Function]}
    >
      Section 2
    </button>
  </li>
  <li>
    <button
      onClick={[Function]}
    >
      Section 3
    </button>
  </li>
</ul>
`;

exports[`Component renders no sections as active by default 1`] = `
<ul>
  <li>
    <button
      onClick={[Function]}
    >
      Section 1
    </button>
  </li>
  <li>
    <button
      onClick={[Function]}
    >
      Section 2
    </button>
  </li>
  <li>
    <button
      onClick={[Function]}
    >
      Section 3
    </button>
  </li>
</ul>
`;

exports[`renders empty given no sections 1`] = `
<ul></ul>
`;
